
> my-v0-project@0.1.0 build
> next build

   ▲ Next.js 16.0.10 (Turbopack, Cache Components)
   - Environments: .env.local

   Creating an optimized production build ...
 ✓ Compiled successfully in 29.4s
   Skipping validation of types
   Collecting page data using 3 workers ...
Warning: Cannot load "@napi-rs/canvas" package: "Error: Cannot find module '@napi-rs/canvas'
Require stack:
- /ROOT/node_modules/pdf-parse/dist/pdf-parse/cjs/index.cjs".
   Generating static pages using 3 workers (0/32) ...
Warning: Cannot load "@napi-rs/canvas" package: "Error: Cannot find module '@napi-rs/canvas'
Require stack:
- /ROOT/node_modules/pdf-parse/dist/pdf-parse/cjs/index.cjs".
   Generating static pages using 3 workers (8/32)
   Generating static pages using 3 workers (16/32)
   Generating static pages using 3 workers (24/32)
 ✓ Generating static pages using 3 workers (32/32) in 3.1s
   Finalizing page optimization ...

Route (app)
┌ ○ /
├ ○ /_not-found
├ ƒ /api/extract
├ ƒ /api/submit-launch
├ ○ /arcade
├ ○ /blog
├ ○ /blog/ai-hype
├ ○ /blog/cut-cable
├ ○ /blog/enterprise-contract-sales-processes
├ ○ /blog/future-of-saas-sales-2024
├ ○ /blog/government-contract-sales-processes
├ ○ /blog/optimizing-enterprise-tech-implementations
├ ○ /blog/speedtest-tracker
├ ○ /clock
├ ○ /downloads/media-server-guide
├ ○ /downloads/sdr-process-guide
├ ○ /launchpad
├ ○ /my-expertise
├ ○ /recommendations
├ ○ /resources
├ ○ /resources/api-docs
├ ○ /resources/games/memory
├ ○ /resources/games/simon
├ ○ /resources/games/towers
├ ○ /resources/meeting-cost
├ ○ /resources/qr-code
├ ○ /resources/tools/extractor
├ ○ /resume
├ ○ /sales-playbook
├ ○ /sales-playbook/confirm
└ ○ /tools/translator


○  (Static)   prerendered as static content
ƒ  (Dynamic)  server-rendered on demand
